Archive member included to satisfy reference by file (symbol)

/Users/arko/Documents/ARM_GCC/gcc-arm-none-eabi-6-2017-q2/lib/gcc/arm-none-eabi/6.3.1/thumb/v6-m/libgcc.a(_divsi3.o)
                              serial.o (__aeabi_idiv)
/Users/arko/Documents/ARM_GCC/gcc-arm-none-eabi-6-2017-q2/lib/gcc/arm-none-eabi/6.3.1/thumb/v6-m/libgcc.a(_dvmd_tls.o)
                              /Users/arko/Documents/ARM_GCC/gcc-arm-none-eabi-6-2017-q2/lib/gcc/arm-none-eabi/6.3.1/thumb/v6-m/libgcc.a(_divsi3.o) (__aeabi_idiv0)

Allocating common symbols
Common symbol       size              file

ComError            0x4               serial.o
ComRXBuffer         0x4c              serial.o
ComTXBuffer         0x4c              serial.o
ComOpen             0x4               serial.o
ComBusy             0x4               serial.o

Memory Configuration

Name             Origin             Length             Attributes
flash            0x0000000008000000 0x0000000000008000
ram              0x0000000020000000 0x0000000000001800
*default*        0x0000000000000000 0xffffffffffffffff

Linker script and memory map

LOAD init.o
LOAD serial.o
LOAD spi.o
LOAD main.o
LOAD /Users/arko/Documents/ARM_GCC/gcc-arm-none-eabi-6-2017-q2/lib/gcc/arm-none-eabi/6.3.1/thumb/v6-m/libgcc.a
                0x0000000008000000                . = ORIGIN (flash)

.text           0x0000000008000000      0xadc
 *(.vectors)
 .vectors       0x0000000008000000       0xc0 init.o
                0x0000000008000000                Vectors
 *(.text)
 .text          0x00000000080000c0      0x120 init.o
                0x00000000080000c0                initClock
                0x0000000008000160                init
                0x00000000080001d8                Default_Handler
 .text          0x00000000080001e0      0x5a8 serial.o
                0x00000000080001e0                ReadCom
                0x0000000008000254                WriteCom
                0x00000000080002f0                initUART
                0x0000000008000464                isr_usart2
                0x0000000008000490                usart_rx
                0x00000000080004c0                usart_tx
                0x0000000008000538                usart_tx_busy
                0x0000000008000568                PutBuf
                0x00000000080005c6                GetBuf
                0x0000000008000618                GetBufCount
                0x000000000800062c                eputs
                0x0000000008000668                egets
                0x00000000080006f8                HexDigit
                0x0000000008000726                printHex
 .text          0x0000000008000788      0x158 spi.o
                0x0000000008000788                initSPI
                0x0000000008000894                writeSPI
 .text          0x00000000080008e0       0x24 main.o
                0x00000000080008e0                main
 .text          0x0000000008000904      0x1d4 /Users/arko/Documents/ARM_GCC/gcc-arm-none-eabi-6-2017-q2/lib/gcc/arm-none-eabi/6.3.1/thumb/v6-m/libgcc.a(_divsi3.o)
                0x0000000008000904                __aeabi_idiv
                0x0000000008000904                __divsi3
                0x0000000008000ad0                __aeabi_idivmod
 .text          0x0000000008000ad8        0x4 /Users/arko/Documents/ARM_GCC/gcc-arm-none-eabi-6-2017-q2/lib/gcc/arm-none-eabi/6.3.1/thumb/v6-m/libgcc.a(_dvmd_tls.o)
                0x0000000008000ad8                __aeabi_ldiv0
                0x0000000008000ad8                __aeabi_idiv0

.glue_7         0x0000000008000adc        0x0
 .glue_7        0x0000000008000adc        0x0 linker stubs

.glue_7t        0x0000000008000adc        0x0
 .glue_7t       0x0000000008000adc        0x0 linker stubs

.vfp11_veneer   0x0000000008000adc        0x0
 .vfp11_veneer  0x0000000008000adc        0x0 linker stubs

.v4_bx          0x0000000008000adc        0x0
 .v4_bx         0x0000000008000adc        0x0 linker stubs

.iplt           0x0000000008000adc        0x0
 .iplt          0x0000000008000adc        0x0 init.o

.rel.dyn        0x0000000008000adc        0x0
 .rel.iplt      0x0000000008000adc        0x0 init.o

.rodata         0x0000000008000adc        0xd
 .rodata        0x0000000008000adc        0xd main.o
                0x0000000020000000                . = ORIGIN (ram)

.data           0x0000000020000000        0x0 load address 0x0000000008000ae9
                0x0000000008000ae9                INIT_DATA_VALUES = LOADADDR (.data)
                0x0000000020000000                INIT_DATA_START = .
 *(.data)
 .data          0x0000000020000000        0x0 init.o
 .data          0x0000000020000000        0x0 serial.o
 .data          0x0000000020000000        0x0 spi.o
 .data          0x0000000020000000        0x0 main.o
 .data          0x0000000020000000        0x0 /Users/arko/Documents/ARM_GCC/gcc-arm-none-eabi-6-2017-q2/lib/gcc/arm-none-eabi/6.3.1/thumb/v6-m/libgcc.a(_divsi3.o)
 .data          0x0000000020000000        0x0 /Users/arko/Documents/ARM_GCC/gcc-arm-none-eabi-6-2017-q2/lib/gcc/arm-none-eabi/6.3.1/thumb/v6-m/libgcc.a(_dvmd_tls.o)
                0x0000000020000000                INIT_DATA_END = .
                0x0000000020000000                BSS_START = .

.igot.plt       0x0000000020000000        0x0 load address 0x0000000008000ae9
 .igot.plt      0x0000000020000000        0x0 init.o

.bss            0x0000000020000000       0xa4 load address 0x0000000008000ae9
 *(.bss)
 .bss           0x0000000020000000        0x0 init.o
 .bss           0x0000000020000000        0x0 serial.o
 .bss           0x0000000020000000        0x0 spi.o
 .bss           0x0000000020000000        0x0 main.o
 .bss           0x0000000020000000        0x0 /Users/arko/Documents/ARM_GCC/gcc-arm-none-eabi-6-2017-q2/lib/gcc/arm-none-eabi/6.3.1/thumb/v6-m/libgcc.a(_divsi3.o)
 .bss           0x0000000020000000        0x0 /Users/arko/Documents/ARM_GCC/gcc-arm-none-eabi-6-2017-q2/lib/gcc/arm-none-eabi/6.3.1/thumb/v6-m/libgcc.a(_dvmd_tls.o)
 COMMON         0x0000000020000000       0xa4 serial.o
                0x0000000020000000                ComError
                0x0000000020000004                ComRXBuffer
                0x0000000020000050                ComTXBuffer
                0x000000002000009c                ComOpen
                0x00000000200000a0                ComBusy
                0x00000000200000a4                BSS_END = .
OUTPUT(main.elf elf32-littlearm)

.debug_info     0x0000000000000000      0x60b
 .debug_info    0x0000000000000000      0x116 init.o
 .debug_info    0x0000000000000116      0x390 serial.o
 .debug_info    0x00000000000004a6       0xcb spi.o
 .debug_info    0x0000000000000571       0x9a main.o

.debug_abbrev   0x0000000000000000      0x332
 .debug_abbrev  0x0000000000000000       0xe8 init.o
 .debug_abbrev  0x00000000000000e8      0x16f serial.o
 .debug_abbrev  0x0000000000000257       0x7f spi.o
 .debug_abbrev  0x00000000000002d6       0x5c main.o

.debug_aranges  0x0000000000000000       0x80
 .debug_aranges
                0x0000000000000000       0x20 init.o
 .debug_aranges
                0x0000000000000020       0x20 serial.o
 .debug_aranges
                0x0000000000000040       0x20 spi.o
 .debug_aranges
                0x0000000000000060       0x20 main.o

.debug_line     0x0000000000000000      0x2b8
 .debug_line    0x0000000000000000       0x60 init.o
 .debug_line    0x0000000000000060      0x102 serial.o
 .debug_line    0x0000000000000162      0x11b spi.o
 .debug_line    0x000000000000027d       0x3b main.o

.debug_str      0x0000000000000000      0x2a4
 .debug_str     0x0000000000000000      0x11c init.o
                                        0x129 (size before relaxing)
 .debug_str     0x000000000000011c      0x10f serial.o
                                        0x1db (size before relaxing)
 .debug_str     0x000000000000022b       0x6d spi.o
                                        0x149 (size before relaxing)
 .debug_str     0x0000000000000298        0xc main.o
                                        0x121 (size before relaxing)

.comment        0x0000000000000000       0x7f
 .comment       0x0000000000000000       0x7f init.o
                                         0x80 (size before relaxing)
 .comment       0x000000000000007f       0x80 serial.o
 .comment       0x000000000000007f       0x80 spi.o
 .comment       0x000000000000007f       0x80 main.o

.ARM.attributes
                0x0000000000000000       0x31
 .ARM.attributes
                0x0000000000000000       0x31 init.o
 .ARM.attributes
                0x0000000000000031       0x31 serial.o
 .ARM.attributes
                0x0000000000000062       0x31 spi.o
 .ARM.attributes
                0x0000000000000093       0x31 main.o
 .ARM.attributes
                0x00000000000000c4       0x1e /Users/arko/Documents/ARM_GCC/gcc-arm-none-eabi-6-2017-q2/lib/gcc/arm-none-eabi/6.3.1/thumb/v6-m/libgcc.a(_divsi3.o)
 .ARM.attributes
                0x00000000000000e2       0x1e /Users/arko/Documents/ARM_GCC/gcc-arm-none-eabi-6-2017-q2/lib/gcc/arm-none-eabi/6.3.1/thumb/v6-m/libgcc.a(_dvmd_tls.o)

.debug_frame    0x0000000000000000      0x2c8
 .debug_frame   0x0000000000000000       0x68 init.o
 .debug_frame   0x0000000000000068      0x1c4 serial.o
 .debug_frame   0x000000000000022c       0x4c spi.o
 .debug_frame   0x0000000000000278       0x30 main.o
 .debug_frame   0x00000000000002a8       0x20 /Users/arko/Documents/ARM_GCC/gcc-arm-none-eabi-6-2017-q2/lib/gcc/arm-none-eabi/6.3.1/thumb/v6-m/libgcc.a(_divsi3.o)

Cross Reference Table

Symbol                                            File
BSS_END                                           init.o
BSS_START                                         init.o
ComBusy                                           serial.o
ComError                                          serial.o
ComOpen                                           serial.o
ComRXBuffer                                       serial.o
ComTXBuffer                                       serial.o
Default_Handler                                   init.o
GetBuf                                            serial.o
GetBufCount                                       serial.o
HexDigit                                          serial.o
INIT_DATA_END                                     init.o
INIT_DATA_START                                   init.o
INIT_DATA_VALUES                                  init.o
PutBuf                                            serial.o
ReadCom                                           serial.o
Vectors                                           init.o
WriteCom                                          serial.o
                                                  main.o
__aeabi_idiv                                      /Users/arko/Documents/ARM_GCC/gcc-arm-none-eabi-6-2017-q2/lib/gcc/arm-none-eabi/6.3.1/thumb/v6-m/libgcc.a(_divsi3.o)
                                                  serial.o
__aeabi_idiv0                                     /Users/arko/Documents/ARM_GCC/gcc-arm-none-eabi-6-2017-q2/lib/gcc/arm-none-eabi/6.3.1/thumb/v6-m/libgcc.a(_dvmd_tls.o)
                                                  /Users/arko/Documents/ARM_GCC/gcc-arm-none-eabi-6-2017-q2/lib/gcc/arm-none-eabi/6.3.1/thumb/v6-m/libgcc.a(_divsi3.o)
__aeabi_idivmod                                   /Users/arko/Documents/ARM_GCC/gcc-arm-none-eabi-6-2017-q2/lib/gcc/arm-none-eabi/6.3.1/thumb/v6-m/libgcc.a(_divsi3.o)
__aeabi_ldiv0                                     /Users/arko/Documents/ARM_GCC/gcc-arm-none-eabi-6-2017-q2/lib/gcc/arm-none-eabi/6.3.1/thumb/v6-m/libgcc.a(_dvmd_tls.o)
__divsi3                                          /Users/arko/Documents/ARM_GCC/gcc-arm-none-eabi-6-2017-q2/lib/gcc/arm-none-eabi/6.3.1/thumb/v6-m/libgcc.a(_divsi3.o)
egets                                             serial.o
eputs                                             serial.o
init                                              init.o
initClock                                         init.o
initSPI                                           spi.o
initUART                                          serial.o
                                                  main.o
isr_usart2                                        serial.o
                                                  init.o
main                                              main.o
                                                  init.o
printHex                                          serial.o
usart_rx                                          serial.o
usart_tx                                          serial.o
usart_tx_busy                                     serial.o
writeSPI                                          spi.o
